// Jest Snapshot v1, https://goo.gl/fbAQLP

exports[`<Search /> - on submit- single input 1`] = `
<div>
  <div
    className="search-container"
  >
    <form
      onSubmit={[Function]}
    >
      <input
        className="search"
        onKeyPress={[Function]}
        placeholder="Enter single ID, multiple ID or range of ID"
        type="text"
        value=""
      />
    </form>
  </div>
  <ToastContainer
    autoClose={5000}
    bodyClassName={null}
    className={null}
    closeButton={
      <CloseButton
        ariaLabel="close"
      />
    }
    closeOnClick={true}
    draggable={true}
    draggablePercent={80}
    hideProgressBar={false}
    newestOnTop={false}
    pauseOnFocusLoss={true}
    pauseOnHover={true}
    position="top-right"
    progressClassName={null}
    progressStyle={null}
    rtl={false}
    style={null}
    toastClassName={null}
    transition={[Function]}
  />
  <List
    existingList={
      Array [
        1000,
        1002,
        1004,
        1006,
      ]
    }
    filteredList={
      Object {
        "1000": 1,
        "1002": 1,
        "1004": 1,
        "1006": 1,
      }
    }
  />
</div>
`;

exports[`<Search /> - on submit- single input 2`] = `
<div>
  <div
    className="search-container"
  >
    <form
      onSubmit={[Function]}
    >
      <input
        className="search"
        onKeyPress={[Function]}
        placeholder="Enter single ID, multiple ID or range of ID"
        type="text"
        value=""
      />
    </form>
  </div>
  <ToastContainer
    autoClose={5000}
    bodyClassName={null}
    className={null}
    closeButton={
      <CloseButton
        ariaLabel="close"
      />
    }
    closeOnClick={true}
    draggable={true}
    draggablePercent={80}
    hideProgressBar={false}
    newestOnTop={false}
    pauseOnFocusLoss={true}
    pauseOnHover={true}
    position="top-right"
    progressClassName={null}
    progressStyle={null}
    rtl={false}
    style={null}
    toastClassName={null}
    transition={[Function]}
  />
  <List
    existingList={
      Array [
        1000,
        1002,
        1004,
        1006,
      ]
    }
    filteredList={
      Object {
        "1000": 1,
        "1002": 1,
        "1004": 1,
        "1006": 1,
      }
    }
  />
</div>
`;

exports[`should render <Search /> correctly without search 1`] = `
<div>
  <div
    className="search-container"
  >
    <form
      onSubmit={[Function]}
    >
      <input
        className="search"
        onKeyPress={[Function]}
        placeholder="Enter single ID, multiple ID or range of ID"
        type="text"
        value=""
      />
    </form>
  </div>
  <ToastContainer
    autoClose={5000}
    bodyClassName={null}
    className={null}
    closeButton={
      <CloseButton
        ariaLabel="close"
      />
    }
    closeOnClick={true}
    draggable={true}
    draggablePercent={80}
    hideProgressBar={false}
    newestOnTop={false}
    pauseOnFocusLoss={true}
    pauseOnHover={true}
    position="top-right"
    progressClassName={null}
    progressStyle={null}
    rtl={false}
    style={null}
    toastClassName={null}
    transition={[Function]}
  />
  <List
    existingList={
      Array [
        1000,
        1002,
        1004,
        1006,
      ]
    }
    filteredList={
      Object {
        "1000": 1,
        "1002": 1,
        "1004": 1,
        "1006": 1,
      }
    }
  />
</div>
`;
